
--- Job Malawi Ag Sector Model_BaselineV2.gms Start 07/25/23 15:17:09 24.1.2 r40979 WEX-VS8 x86/MS Windows
GAMS 24.1.2   Copyright (C) 1987-2013 GAMS Development. All rights reserved
Licensee: Gary Goldstein                                 G010614:2121CA-WIN
          Decision Ware, Inc.                                        DC2807
--- Starting compilation
--- Malawi Ag Sector Model_BaselineV2.gms(619) 3 Mb
--- .CSR8thNov.INC(336) 3 Mb
--- Malawi Ag Sector Model_BaselineV2.gms(712) 3 Mb
--- .CDR.INC(174) 3 Mb
--- Malawi Ag Sector Model_BaselineV2.gms(782) 3 Mb
--- .DT.INC(39) 3 Mb
--- Malawi Ag Sector Model_BaselineV2.gms(817) 3 Mb
--- .AC.INC(445) 3 Mb
--- Malawi Ag Sector Model_BaselineV2.gms(1808) 3 Mb
--- Starting execution: elapsed 0:00:05.043
--- Malawi Ag Sector Model_BaselineV2.gms(2362) 6 Mb
--- Generating NLP model MAGS
--- Malawi Ag Sector Model_BaselineV2.gms(2509) 10 Mb
---   701 rows  11,559 columns  35,669 non-zeroes
---   408 nl-code  54 nl-non-zeroes
--- Malawi Ag Sector Model_BaselineV2.gms(2509) 8 Mb
--- Executing CONOPT: elapsed 0:00:05.110
CONOPT 3         24.1.2 r40979 Released Jun 16, 2013 VS8 x86/MS Windows       
 
 
    C O N O P T 3   version 3.15K
    Copyright (C)   ARKI Consulting and Development A/S
                    Bagsvaerdvej 246 A
                    DK-2880 Bagsvaerd, Denmark
 
 
   Iter Phase Ninf   Infeasibility   RGmax    NSB   Step InItr MX OK
      0   0        0.0000000000E+00 (Input point)
                                Pre-triangular equations:        0
                                Post-triangular equations:      82
      1   0        0.0000000000E+00 (After pre-processing)
      2   0        0.0000000000E+00 (After scaling)
 
 ** Feasible solution. Value of objective =    0.00000000000
 
   Iter Phase Ninf     Objective     RGmax    NSB   Step InItr MX OK
      3   3        1.5807912616E+05 1.4E-01     1 1.0E+00    1 T  T
      4   3        5.7763036597E+05 2.8E-01     9 1.0E+00    4 T  T
      5   3        3.3909952747E+06 9.0E+05     7 1.0E+00    7 T  T
      6   3        4.9297378671E+06 3.0E-01    38 1.0E+00   12 T  T
      7   3        6.7531589226E+06 2.5E+03    32 1.0E+00   15 T  T
      8   3        7.8050646391E+06 2.6E-01    19 1.0E+00   18 T  T
      9   3        1.0906459250E+07 3.5E+04    10 1.0E+00   21 T  T
     10   3        1.3004529325E+07 1.6E+02    40 1.0E+00   24 T  T
     11   3        1.6885199289E+07 2.1E+05    41 1.0E+00   27 T  T
     12   3        1.7890413437E+07 6.7E+05    93 1.0E+00   32 T  T
 
   Iter Phase Ninf     Objective     RGmax    NSB   Step InItr MX OK
     13   3        1.9820857756E+07 2.7E+06   163 1.0E+00   35 T  T
     14   3        2.4353591580E+07 7.2E+05   152 1.0E+00   40 T  T
     15   3        2.8397249150E+07 6.7E+05   136 1.0E+00   43 T  T
     16   3        3.1075983043E+07 5.1E+05   101 1.0E+00   46 T  T
     17   3        3.2641371687E+07 8.3E+05    63 1.0E+00   51 T  T
     18   3        3.2914591293E+07 2.2E+05    89 1.0E+00   56 T  T
     19   3        3.4673291268E+07 7.1E+05    62 1.0E+00   54 T  T
     20   3        3.5389682865E+07 4.9E+05    43 3.1E-01   51 F  T
     21   3        3.5549842080E+07 9.7E+04    41 2.7E-01   26 F  T
     22   3        3.5554935413E+07 4.7E+04    40 1.6E-06      F  T
 
   Iter Phase Ninf     Objective     RGmax    NSB   Step InItr MX OK
     23   3        3.5559853038E+07 4.9E+04    40 1.0E-06      F  T
     24   4        3.5585491580E+07 2.2E+05    40 1.9E-02      T  T
     25   4        3.5633518983E+07 2.5E+05    39 1.0E+00      F  T
     26   3        3.5649132513E+07 1.8E+05    39 4.2E-07      T  T
     27   3        3.5668046064E+07 1.0E+05    38 1.8E-06      T  T
     28   3        3.5673419368E+07 1.1E+05    37 7.4E-07      F  T
     29   3        3.5676782610E+07 2.4E+04    37 8.5E-06      F  T
     30   4        3.5676782610E+07 6.4E+04    37 0.0E+00      T  T
     31   4        3.5698393128E+07 6.4E+04    36 1.0E+00      T  T
     32   4        3.5704716712E+07 9.9E+04    35 1.0E+00      F  T
 
   Iter Phase Ninf     Objective     RGmax    NSB   Step InItr MX OK
     33   4        3.5705319801E+07 2.9E+04    35 1.1E-01      F  T
     34   4        3.5712137603E+07 3.4E+04    56 1.0E+00    3 T  T
     35   4        3.5725170132E+07 3.3E+04    55 1.0E+00    8 T  T
     36   4        3.5727616245E+07 7.0E+02    52 1.0E+00   16 T  T
     37   4        3.5728499548E+07 1.1E+03    45 1.0E+00   15 T  T
     38   4        3.5728675867E+07 5.4E+01    40 1.0E+00   11 T  T
     39   4        3.6018274043E+07 1.8E+04   183 1.0E+00    4 T  T
     40   4        3.6137259226E+07 3.6E+04   191 1.0E+00   14 T  T
     41   4        3.6328294524E+07 1.2E+05   191 1.0E+00    2 T  T
     42   4        3.6374597648E+07 1.2E+03   196 1.0E+00   15 T  T
 
   Iter Phase Ninf     Objective     RGmax    NSB   Step InItr MX OK
     43   4        3.6542485642E+07 6.6E+04   184 1.0E+00    7 T  T
     44   4        3.6819865965E+07 1.7E+05   180 1.0E+00   13 T  T
     45   4        3.6920203486E+07 3.2E+04   175 1.0E+00   21 T  T
     46   4        3.6983396940E+07 3.0E+05   165 1.0E+00   27 T  T
     47   4        3.7226655479E+07 7.4E+04   164 1.0E+00   42 T  T
     48   4        3.7638390004E+07 1.1E+05   142 1.0E+00   58 T  T
     49   4        3.8122670333E+07 2.5E+05   110 1.0E+00   70 T  T
     50   4        4.0648663127E+07 6.8E+04    91 1.0E+00   89 T  T
     51   4        4.1892435785E+07 1.7E+06    45 1.0E+00   29 T  T
     52   4        4.2893950095E+07 1.9E+04    30 1.0E+00   17 F  T
 
   Iter Phase Ninf     Objective     RGmax    NSB   Step InItr MX OK
     53   4        4.2975733554E+07 1.3E+05    39 1.0E+00    7 T  T
     54   4        4.2976492225E+07 1.0E+03    34 1.0E+00   23 T  T
     55   4        4.3290925317E+07 1.9E+05    32 1.0E+00   10 T  T
     56   4        4.3291099223E+07 1.6E+03    27 1.0E+00   10 T  T
     57   4        4.3344004609E+07 3.0E+02   173 1.0E+00    2 T  T
     58   4        4.3690129262E+07 1.5E+04   173 1.0E+00   11 T  T
     59   4        4.3744945550E+07 4.2E+04   167 1.0E+00    3 T  T
     60   4        4.3745143894E+07 3.0E+03   167 1.0E+00    1 F  T
     61   4        4.3787422893E+07 1.5E+01   170 1.0E+00   11 T  T
     62   4        4.4001092563E+07 1.7E+05   165 1.0E+00   15 T  T
 
   Iter Phase Ninf     Objective     RGmax    NSB   Step InItr MX OK
     63   4        4.4728039527E+07 3.3E+05   161 1.0E+00   20 T  T
     64   4        4.4808887770E+07 2.4E+05   161 1.0E+00   23 T  T
     65   4        4.5017320965E+07 1.4E+05   157 1.0E+00   38 T  T
     66   4        4.5189088039E+07 1.4E+03   152 1.0E+00   63 T  T
     67   4        4.5810283686E+07 1.1E+05   118 1.0E+00   94 T  T
     68   4        4.8970245461E+07 6.9E+04    79 1.0E+00   91 T  T
     69   4        5.0280641589E+07 6.0E+04    45 1.0E+00   77 T  T
     70   4        5.0560677151E+07 1.6E+04    38 1.0E+00   71 T  T
     71   4        5.2588551433E+07 5.6E+05    35 1.0E+00   57 T  T
     72   4        5.3336040926E+07 7.1E+05    29 1.0E+00   45 T  T
 
   Iter Phase Ninf     Objective     RGmax    NSB   Step InItr MX OK
     73   4        5.4192665482E+07 5.7E+05    21 1.0E+00   35 F  T
     74   4        5.4241092942E+07 1.9E+05    17 1.0E+00   35 F  T
     75   4        5.4270514442E+07 8.1E+04    17 1.0E+00   33 T  T
     76   4        5.4271977713E+07 3.1E+04    16 1.0E+00   33 F  T
     77   4        5.4272477723E+07 2.3E+04    16 1.7E+00   33 F  T
     78   4        5.4272492447E+07 7.2E+03    16 1.0E+00   33 F  T
     79   4        5.4346095670E+07 2.2E+05    45 1.0E+00   30 T  T
     80   4        5.4391969576E+07 1.1E+05    29 5.1E+00   59 T  T
     81   4        5.4422074706E+07 2.5E+05    28 1.0E+00   33 T  T
     82   4        5.4426949554E+07 2.3E+05    16 1.0E+00    1 F  T
 
   Iter Phase Ninf     Objective     RGmax    NSB   Step InItr MX OK
     83   4        5.4437047091E+07 1.5E+04    20 1.0E+00    5 T  T
     84   4        5.4444887469E+07 2.4E+04    20 1.0E+00    7 T  T
     85   4        5.4445626876E+07 4.3E+02    30 1.0E+00   18 T  T
     86   4        5.4445655661E+07 2.2E+01    27 1.0E+00   35 T  T
     87   4        5.4445661174E+07 3.6E+00    26 1.0E+00   13 T  T
     88   4        5.4590789161E+07 9.4E+04    27 1.0E+00    3 T  T
     89   4        5.4626105434E+07 3.7E+04    26 1.0E+00    6 T  T
     90   4        5.4634526684E+07 3.9E+04    25 1.0E+00    4 T  T
     91   4        5.4641533873E+07 6.9E+00    26 1.0E+00   16 T  T
     92   4        5.4641541608E+07 2.9E+03    17 1.0E+00    2 F  T
 
   Iter Phase Ninf     Objective     RGmax    NSB   Step InItr MX OK
     93   4        5.4655813210E+07 1.2E+04    24 1.0E+00   14 T  T
     94   4        5.4655923587E+07 7.7E+01    22 1.0E+00    4 F  T
     95   3        5.4655923590E+07 9.7E+00    15 3.0E-06      F  T
     96   3        5.4656866543E+07 5.5E+03    15 3.5E-05      F  T
     97   4        5.4659556895E+07 7.0E+04    15 1.5E-02      T  T
     98   4        5.4659890132E+07 7.0E+04    14 8.4E-02      T  T
     99   4        5.4660643540E+07 7.0E+04    13 1.0E+00      F  T
    100   4        5.4660673113E+07 7.0E+03    13 1.2E-02      F  T
    101   4        5.4660679115E+07 5.3E+03    21 1.0E+00    4 F  T
    102   4        5.4665443494E+07 1.0E+05    30 1.0E+00    2 T  T
 
   Iter Phase Ninf     Objective     RGmax    NSB   Step InItr MX OK
    103   4        5.4696229797E+07 3.6E+04    31 1.0E+00    8 T  T
    104   4        5.4715680608E+07 2.0E+04    29 1.0E+00    6 T  T
    105   3        5.4715680608E+07 1.3E+02    21 0.0E+00      T  T
    106   3        5.4715680608E+07 1.3E+02    20 1.0E-08      F  F
    107   3        5.4715680608E+07 1.3E+01    20 5.4E-08      F  T
    108   4        5.4715680608E+07 2.5E-01    70 1.0E+00      F  T
    109   4        5.4715680608E+07 1.3E+00    77 1.0E+00    5 T  T
    110   4        5.4718800697E+07 2.0E+01    75 1.0E+00    3 T  T
    111   3        5.4718805372E+07 2.5E+05    67 7.4E-09      F  T
    112   3        5.4901774073E+07 1.6E+06    62 7.0E-08      T  T
 
   Iter Phase Ninf     Objective     RGmax    NSB   Step InItr MX OK
    113   3        5.5000885885E+07 3.4E+05    61 1.1E-06      T  T
    114   3        5.5010126088E+07 3.2E+05    60 5.4E-08      F  T
    115   3        5.5023514198E+07 1.0E+05    65 1.4E-06      T  T
    116   3        5.5028870057E+07 1.0E+05    64 5.1E-07      T  T
    117   3        5.5029445308E+07 1.0E+05    64 5.5E-08      T  T
    118   3        5.5029445306E+07 1.0E+04    63 4.6E-12      F  F
    119   3        5.5032482979E+07 1.1E+05    63 3.1E-07      T  T
    120   3        5.5032527353E+07 2.0E+04    62 1.0E-02    3 F  T
    121   3        5.5032545521E+07 1.1E+04    62 4.5E-02    1 F  T
    122   3        5.5032553817E+07 8.1E+03    62 6.3E-08      F  T
 
   Iter Phase Ninf     Objective     RGmax    NSB   Step InItr MX OK
    123   3        5.5032557816E+07 5.1E+03    62 2.2E-07      F  T
    124   4        5.5032561699E+07 3.9E+03    62 1.3E-01      F  T
    125   4        5.5032590697E+07 1.1E+03    73 1.0E+00    3 T  T
    126   4        5.5046391108E+07 2.9E+03    72 1.0E+00    7 T  T
    127   4        5.5061529384E+07 3.2E+02    70 1.0E+00   13 T  T
    128   4        5.5298220595E+07 1.2E+05    63 1.0E+00   14 T  T
    129   4        5.5355107738E+07 2.0E+05    55 1.0E+00    8 T  T
    130   4        5.5794198092E+07 2.2E+05    54 1.0E+00    9 T  T
    131   4        5.5874750010E+07 1.5E+05    53 1.0E+00   11 T  T
    132   4        5.5988239549E+07 2.4E+04    50 1.0E+00   21 T  T
 
   Iter Phase Ninf     Objective     RGmax    NSB   Step InItr MX OK
    133   4        5.6079024966E+07 1.8E+05    41 1.0E+00   19 T  T
    134   4        5.6119740233E+07 1.5E+05    48 1.0E+00   27 T  T
    135   4        5.6121850808E+07 1.2E+04    32 1.0E+00   32 T  T
    136   4        5.6122874614E+07 2.2E+04    29 1.0E+00    9 T  T
    137   4        5.6124420257E+07 2.8E+03    30 1.0E+00   15 T  T
    138   4        5.6124931225E+07 5.7E+02    25 1.0E+00    7 T  T
    139   4        5.6156732081E+07 3.5E+04    25 1.0E+00    6 T  T
    140   4        5.6157315672E+07 4.5E+04    32 1.0E+00   12 F  T
    141   4        5.6167509514E+07 6.6E+03    25 1.0E+00    4 T  T
    142   4        5.6167889542E+07 2.1E+00    25 1.0E+00    5 T  T
 
   Iter Phase Ninf     Objective     RGmax    NSB   Step InItr MX OK
    143   4        5.6259816967E+07 2.1E-01   172 1.0E+00   13 T  T
    144   4        5.6364950475E+07 2.7E+02   170 1.0E+00    6 T  T
    145   4        5.6364951001E+07 1.0E+02   169 1.0E+00    2 F  T
    146   4        5.6368157602E+07 7.4E-02   317 1.0E+00    6 T  T
    147   4        5.6368792623E+07 3.5E+03   314 1.0E+00    1 F  T
    148   4        5.6407463865E+07 1.7E+04   314 1.0E+00   18 T  T
    149   4        5.6431294337E+07 2.1E+04   302 1.0E+00   27 T  T
    150   4        5.6456781183E+07 4.1E+05   289 1.0E+00   30 T  T
    151   4        5.6468275598E+07 8.3E+05   279 1.0E+00   25 T  T
    152   4        5.6575101488E+07 6.1E+04   278 1.0E+00   41 T  T
 
   Iter Phase Ninf     Objective     RGmax    NSB   Step InItr MX OK
    153   4        5.7141562250E+07 3.0E+05   271 1.0E+00   53 T  T
    154   4        5.7361506113E+07 3.4E+06   249 1.0E+00    1 F  T
    155   4        5.7462424398E+07 2.8E+04   256 1.0E+00   12 T  T
    156   4        5.7576471997E+07 8.4E+03   261 1.0E+00   16 T  T
    157   4        5.8400971609E+07 1.8E+04   253 1.0E+00   24 T  T
    158   4        6.0472909277E+07 2.0E+06   242 1.0E+00   30 T  T
    159   4        6.3364517320E+07 1.2E+06   235 1.0E+00   41 T  T
    160   4        6.4656529430E+07 3.5E+05   246 1.0E+00   70 T  T
    161   4        6.5918594785E+07 2.7E+05   226 1.0E+00   99 T  T
    162   4        6.6994952859E+07 7.1E+04   181 1.0E+00  154 F  T
 
   Iter Phase Ninf     Objective     RGmax    NSB   Step InItr MX OK
    163   4        6.7996751438E+07 4.8E+05   141 1.0E+00  211 T  T
    164   4        6.8342821226E+07 2.1E+05   107 1.0E+00  168 T  T
    165   4        6.9791339828E+07 1.0E+05    88 1.0E+00  137 T  T
    166   4        7.0577364818E+07 4.6E+05    68 1.0E+00  111 T  T
    167   4        7.0577364818E+07 1.5E+07    56 1.0E+00    1 T  T
    168   4        7.0578600236E+07 2.1E+05    55 1.0E+00    2 F  T
    169   4        7.0868787121E+07 2.1E+05    55 1.0E+00    6 F  T
    170   4        7.1103685113E+07 1.7E+05    55 1.0E+00   24 T  T
    171   4        7.1317826753E+07 1.9E+05    54 1.0E+00   24 T  T
    172   4        7.2370301775E+07 1.8E+05    53 1.0E+00   36 T  T
 
   Iter Phase Ninf     Objective     RGmax    NSB   Step InItr MX OK
    173   4        7.2891500132E+07 6.0E+05    73 1.0E+00   55 T  T
    174   4        7.3460092777E+07 8.1E+04    57 1.0E+00   81 T  T
    175   4        7.3849404860E+07 2.6E+05    44 1.0E+00   69 F  T
    176   4        7.4388617553E+07 6.4E+05    48 1.0E+00   68 T  T
    177   4        7.4514942011E+07 1.4E+05    33 1.0E+00   61 T  T
    178   4        7.4532627466E+07 1.0E+05    30 1.0E+00   59 T  T
    179   4        7.4539550000E+07 1.0E+05    29 1.0E+00   57 T  T
    180   4        7.4618932648E+07 1.0E+05    28 1.0E+00   55 T  T
    181   4        7.4639173663E+07 5.1E+04    27 1.0E+00   49 T  T
    182   4        7.4644688061E+07 2.2E+04    24 1.0E+00   47 T  T
 
   Iter Phase Ninf     Objective     RGmax    NSB   Step InItr MX OK
    183   4        7.4650303292E+07 2.0E+04    23 1.0E+00   45 T  T
    184   4        7.4659077007E+07 8.4E+03    23 1.0E+00   45 T  T
    185   4        7.4675444439E+07 8.9E+05    30 1.0E+00    9 T  T
    186   4        7.4684776965E+07 2.0E+04    36 1.0E+00   21 T  T
    187   4        7.4686051926E+07 1.9E+04    32 1.0E+00   29 T  T
    188   4        7.4686803657E+07 1.2E+04    41 1.0E+00   18 T  T
    189   4        7.4709775564E+07 6.1E+05    43 1.0E+00    4 T  T
    190   4        7.4745838293E+07 6.7E+04    41 1.0E+00    8 T  T
    191   4        7.4755674598E+07 4.3E+04    49 1.0E+00    6 T  T
    192   4        7.4778732566E+07 8.4E+04    46 1.0E+00    6 T  T
 
   Iter Phase Ninf     Objective     RGmax    NSB   Step InItr MX OK
    193   4        7.4779172809E+07 1.8E+03    45 1.0E+00    6 T  T
    194   4        7.4855898408E+07 1.7E+04    51 1.0E+00   15 T  T
    195   4        7.4920878579E+07 2.7E+04    43 1.0E+00   18 T  T
    196   4        7.4941095246E+07 1.8E+04    40 1.0E+00   10 T  T
    197   4        7.4946671075E+07 1.7E+03    38 1.0E+00    4 T  T
    198   4        7.4964051067E+07 8.2E+03    37 1.0E+00    5 T  T
    199   4        7.4964346928E+07 2.5E+04    37 1.0E+00    1 T  T
    200   4        7.4964438704E+07 2.1E+03    36 1.0E+00    2 F  T
    201   4        7.4964452442E+07 1.6E+03    38 1.0E+00    4 T  T
    202   4        7.4964452442E+07 1.5E+00    37 1.0E+00    2 F  T
 
   Iter Phase Ninf     Objective     RGmax    NSB   Step InItr MX OK
    203   3        7.4964452442E+07 4.5E+02    25 0.0E+00      T  T
    204   3        7.4964452442E+07 4.5E+02    24 1.7E-08      F  T
    205   3        7.4964452442E+07 1.3E+01    29 1.4E-07      F  T
    206   4        7.4964452442E+07 2.1E+01    29 8.9E-02      T  T
    207   4        7.4964452442E+07 7.4E+00    28 2.6E-14      T  T
    208   4        7.4964452442E+07 7.4E+00    27 2.9E-16      T  T
    209   4        7.4964452442E+07 7.4E+00    26 3.6E-15      T  T
    210   4        7.4964452442E+07 7.4E+00    25 3.7E-15      T  T
    211   4        7.4964452442E+07 7.4E+00    24 3.7E-01      F  T
    212   4        7.4964452442E+07 6.4E-01    74 7.4E-02      F  T
 
   Iter Phase Ninf     Objective     RGmax    NSB   Step InItr MX OK
    213   4        7.4964452443E+07 8.8E-01    87 1.0E+00    6 F  T
    214   4        7.4964452444E+07 2.0E+01    87 1.0E+00    8 T  T
    215   4        7.4964453410E+07 2.7E+01    79 1.0E+00    8 F  T
    216   3        7.4964453410E+07 3.4E+04    65 5.2E-14      F  T
    217   3        7.4975538845E+07 1.2E+06    65 7.6E-09      T  T
    218   3        7.4975538845E+07 8.4E+02    72 5.1E-12      F  F
    219   3        7.4975583407E+07 1.2E+04    72 5.9E-07      F  T
    220   4        7.4975583689E+07 9.0E+02    72 3.0E-01      T  T
    221   4        7.4975583871E+07 4.6E+02    71 1.0E+00      F  T
    222   4        7.4975584046E+07 5.2E+02    71 7.2E-01      F  T
 
   Iter Phase Ninf     Objective     RGmax    NSB   Step InItr MX OK
    223   4        7.4975584133E+07 2.7E+02    84 1.0E+00    7 T  T
    224   4        7.4975584180E+07 9.7E+01    83 1.0E+00    7 F  T
    225   4        7.4978697994E+07 1.4E+01    86 1.0E+00    3 T  T
    226   4        7.5013816935E+07 1.9E+04    84 1.0E+00   11 T  T
    227   4        7.5056483987E+07 7.2E+04    77 1.0E+00    4 T  T
    228   4        7.5057546542E+07 3.1E+04    84 1.0E+00    3 F  T
    229   4        7.5069900131E+07 7.4E-01    94 1.0E+00   11 F  T
    230   3        7.5069900131E+07 1.6E+02    88 0.0E+00      T  T
    231   3        7.5069900131E+07 8.6E+01    79 0.0E+00      T  T
    232   3        7.5069900131E+07 6.9E+01    79 0.0E+00      T  T
 
   Iter Phase Ninf     Objective     RGmax    NSB   Step InItr MX OK
    233   3        7.5069900131E+07 2.5E+01    79 0.0E+00      T  T
    234   3        7.5069900131E+07 3.0E+00    79 0.0E+00      T  T
    235   3        7.5069900131E+07 4.0E-02    79 2.8E-03      F  T
    236   3        7.5069900131E+07 4.1E+00    79 2.0E-07      F  T
    237   3        7.5069903871E+07 8.9E+01    79 5.3E-04      T  T
    238   3        7.5069905120E+07 2.0E+03    78 3.1E-07      F  T
    239   3        7.5069905268E+07 6.2E+02    78 3.0E-07      F  T
    240   4        7.5069905304E+07 2.1E+02    78 4.2E-01      F  T
    241   4        7.5069905566E+07 2.0E+02    91 1.0E+00    4 F  T
    242   4        7.5069913939E+07 8.0E+01    91 1.0E+00    5 F  T
 
   Iter Phase Ninf     Objective     RGmax    NSB   Step InItr MX OK
    243   4        7.5070206978E+07 2.8E+03    91 1.0E+00   10 T  T
    244   4        7.5070674468E+07 7.0E+03    90 1.0E+00   13 T  T
    245   4        7.5112452930E+07 1.5E+04    85 1.0E+00   13 T  T
    246   4        7.5136070212E+07 3.7E+04    79 1.0E+00   20 T  T
    247   4        7.5158734730E+07 1.7E+05    87 1.0E+00   20 T  T
    248   4        7.5186955141E+07 5.9E+04    79 1.0E+00   35 T  T
    249   4        7.5195655056E+07 1.3E+05    67 1.0E+00   18 T  T
    250   4        7.5210732148E+07 9.9E+03    56 1.0E+00   19 T  T
    251   4        7.5232415543E+07 7.4E+03    50 1.0E+00   25 T  T
    252   4        7.5269929452E+07 4.9E+03    52 1.0E+00   11 T  T
 
   Iter Phase Ninf     Objective     RGmax    NSB   Step InItr MX OK
    253   4        7.5270952512E+07 3.8E+01    51 1.0E+00   14 T  T
    254   4        7.5270953090E+07 1.1E+00    51 1.0E+00    5 T  T
    255   3        7.5270953090E+07 1.5E+05    39 4.4E-13      F  T
    256   3        7.5271101453E+07 9.4E+03    39 3.3E-06      F  T
    257   4        7.5271333146E+07 1.8E+04    39 2.8E-01      F  T
    258   4        7.5275003328E+07 1.4E+04    51 1.0E+00    2 T  T
    259   4        7.5276629517E+07 6.2E+04    49 1.0E+00    2 F  T
    260   4        7.5276629596E+07 2.4E+02    50 1.0E+00    4 F  T
    261   4        7.5276629596E+07 6.2E-01    50 1.0E+00    3 F  T
    262   4        7.5276723654E+07 3.5E-02   198 1.0E+00    5 F  T
 
   Iter Phase Ninf     Objective     RGmax    NSB   Step InItr MX OK
    263   4        7.5315451043E+07 8.5E+03   198 1.0E+00    9 T  T
    264   4        7.5322850114E+07 4.6E+04   191 1.0E+00    9 T  T
    265   4        7.5323670989E+07 5.2E+03   193 1.0E+00    5 F  T
    266   4        7.5338504161E+07 3.2E+01   193 1.0E+00   15 T  T
    267   4        7.5396318651E+07 3.7E+04   190 1.0E+00   22 T  T
    268   4        7.5421904665E+07 1.3E+04   193 1.0E+00   34 T  T
    269   4        7.5423136541E+07 2.1E+05   186 1.0E+00   19 T  T
    270   4        7.5490422531E+07 3.1E+04   180 1.0E+00   33 T  T
    271   4        7.5508959624E+07 1.5E+05   172 1.0E+00   32 T  T
    272   4        7.5560338865E+07 9.1E+04   161 1.0E+00   55 T  T
 
   Iter Phase Ninf     Objective     RGmax    NSB   Step InItr MX OK
    273   4        7.5639219866E+07 2.2E+04   146 1.0E+00   82 T  T
    274   4        7.5683418901E+07 5.5E+05   117 1.0E+00   49 T  T
    275   4        7.5827133826E+07 1.5E+06   106 1.0E+00    2 T  T
    276   4        7.5828059195E+07 2.3E+04   122 1.0E+00   25 T  T
    277   4        7.5839404909E+07 5.2E+04   104 1.0E+00   18 T  T
    278   4        7.5858484124E+07 5.7E+03    98 1.0E+00   27 T  T
    279   4        7.5899923487E+07 2.4E+04    92 1.0E+00   40 T  T
    280   4        7.5965279307E+07 6.4E+04    86 1.0E+00   51 T  T
    281   4        7.6058007337E+07 4.0E+03    70 1.0E+00   84 T  T
    282   4        7.6168447165E+07 3.0E+04    57 1.0E+00   89 T  T
 
   Iter Phase Ninf     Objective     RGmax    NSB   Step InItr MX OK
    283   4        7.6205531925E+07 2.5E+05    48 1.0E+00   29 T  T
    284   4        7.6205777350E+07 5.2E+03    46 1.0E+00   43 F  T
    285   4        7.6205840983E+07 3.5E+02    46 1.0E+00   44 T  T
    286   4        7.6205840986E+07 2.9E+00    45 1.0E+00    4 F  T
    287   4        7.6226874842E+07 1.8E+01    47 1.0E+00    1 T  T
    288   4        7.6237346795E+07 4.7E+04    46 1.0E+00    8 T  T
    289   4        7.6251605962E+07 1.4E+05    46 1.0E+00    8 T  T
    290   4        7.6263882131E+07 2.9E+04    43 1.0E+00    6 T  T
    291   4        7.6269414043E+07 1.8E+04    41 1.0E+00    4 T  T
    292   4        7.6278476274E+07 6.7E+03    43 1.0E+00    6 T  T
 
   Iter Phase Ninf     Objective     RGmax    NSB   Step InItr MX OK
    293   4        7.6278476274E+07 3.2E+01    40 1.0E+00    1 F  T
    294   4        7.6281349096E+07 5.2E-01    68 1.0E+00    6 T  T
    295   4        7.6292071862E+07 2.1E+04    67 1.0E+00    4 T  T
    296   4        7.6295962149E+07 1.7E+03    67 1.0E+00   13 T  T
    297   4        7.6295963476E+07 1.8E+05    64 1.5E+00   15 F  T
    298   4        7.6296784891E+07 7.9E+04    75 1.0E+00    7 T  T
    299   4        7.6297122257E+07 9.7E+00    71 1.0E+00   19 T  T
    300   4        7.6297469313E+07 8.9E+00    64 1.0E+00   27 T  T
    301   4        7.6298064653E+07 8.5E+01    54 1.0E+00   30 T  T
    302   4        7.6298085707E+07 8.4E+02    41 1.0E+00    3 T  T
 
   Iter Phase Ninf     Objective     RGmax    NSB   Step InItr MX OK
    303   4        7.6298085707E+07 3.1E+00    47 1.0E+00    2 F  T
    304   4        7.6298190917E+07 2.3E-02   195 1.0E+00    1 T  T
    305   4        7.6298248352E+07 1.7E+06   194 1.0E+00    9 T  T
    306   4        7.6309318761E+07 4.6E+00   188 1.0E+00   13 T  T
    307   4        7.6331014021E+07 5.9E+04   180 1.0E+00   12 T  T
    308   4        7.6339180686E+07 1.6E+04   177 1.0E+00   18 T  T
    309   4        7.6351244945E+07 5.2E+03   173 1.0E+00   31 T  T
    310   4        7.6367418075E+07 1.0E+04   163 1.0E+00   38 T  T
    311   4        7.6368087068E+07 4.2E+04   152 1.0E+00    8 T  T
    312   4        7.6373624937E+07 1.1E+04   149 1.0E+00   19 T  T
 
   Iter Phase Ninf     Objective     RGmax    NSB   Step InItr MX OK
    313   4        7.6393695062E+07 7.6E+03   146 1.0E+00   28 T  T
    314   4        7.6418023454E+07 1.8E+03   137 1.0E+00   42 T  T
    315   4        7.6462706642E+07 1.2E+05   122 1.0E+00   50 T  T
    316   4        7.6486231709E+07 1.5E+05   111 1.0E+00   21 T  T
    317   4        7.6500324995E+07 6.3E+03   102 1.0E+00   39 T  T
    318   4        7.6529744149E+07 6.4E+03    90 1.0E+00   58 T  T
    319   4        7.6573143080E+07 2.5E+03    74 1.0E+00   87 T  T
    320   4        7.6601607494E+07 8.7E+03    65 1.0E+00  102 T  T
    321   4        7.6618715811E+07 1.6E+03    55 1.0E+00   89 T  T
    322   4        7.6623236460E+07 5.2E+03    45 1.0E+00   65 T  T
 
   Iter Phase Ninf     Objective     RGmax    NSB   Step InItr MX OK
    323   4        7.6628196551E+07 9.3E+03    42 1.0E+00   78 T  T
    324   4        7.6628949212E+07 1.4E+04    39 1.0E+00    6 F  T
    325   4        7.6629006640E+07 1.4E+03    39 1.0E+00    5 T  T
    326   4        7.6659099323E+07 1.2E+03    39 1.0E+00    6 F  T
    327   4        7.6661025452E+07 1.2E+05    39 1.0E+00    2 T  T
    328   4        7.6673383139E+07 3.2E+05    44 1.0E+00    2 T  T
    329   4        7.6673558301E+07 1.5E+03    44 1.0E+00   12 T  T
    330   4        7.6673558301E+07 6.2E+00    38 1.0E+00    1 F  T
    331   4        7.6683159461E+07 9.4E+02   146 1.0E+00    2 T  T
    332   4        7.6693743315E+07 4.0E+04   145 1.0E+00   11 T  T
 
   Iter Phase Ninf     Objective     RGmax    NSB   Step InItr MX OK
    333   4        7.6695120735E+07 9.8E+02   152 1.0E+00   18 T  T
    334   4        7.6710326813E+07 1.2E+04   143 1.0E+00   24 T  T
    335   4        7.6717159012E+07 1.4E+03   133 1.0E+00   40 T  T
    336   4        7.6734633312E+07 7.3E+04   120 1.0E+00   60 T  T
    337   4        7.6782616127E+07 2.1E+04    95 1.0E+00   77 T  T
    338   4        7.6815423435E+07 1.3E+04    72 1.0E+00   88 T  T
    339   4        7.6819590149E+07 3.7E+04    59 1.0E+00    7 T  T
    340   4        7.6820546782E+07 5.4E+03    61 1.0E+00   15 T  T
    341   4        7.6833720344E+07 5.7E+03    58 1.0E+00   22 T  T
    342   4        7.6840486311E+07 3.1E+03    51 1.0E+00   30 T  T
 
   Iter Phase Ninf     Objective     RGmax    NSB   Step InItr MX OK
    343   4        7.6842115206E+07 2.0E+03    42 1.0E+00   29 T  T
    344   4        7.6842119678E+07 2.2E+01    39 1.0E+00   10 T  T
    345   4        7.6842119678E+07 6.9E-03    38 1.0E+00    1 F  T
    346   4        7.6842148590E+07 6.3E-03   129 1.0E+00    1 F  T
    347   4        7.6843966509E+07 1.1E+04   129 1.0E+00    2 T  T
    348   4        7.6845230428E+07 8.5E+04   138 1.0E+00   12 T  T
    349   4        7.6848165567E+07 1.5E+05   129 1.0E+00   13 T  T
    350   4        7.6851791292E+07 2.9E+03   120 1.0E+00   27 T  T
    351   4        7.6858942988E+07 4.4E+03   111 1.0E+00   27 T  T
    352   4        7.6862609851E+07 5.4E+03   112 1.0E+00   30 T  T
 
   Iter Phase Ninf     Objective     RGmax    NSB   Step InItr MX OK
    353   4        7.6867244149E+07 9.8E+02   102 1.0E+00   39 T  T
    354   4        7.6875949895E+07 1.3E+03    88 1.0E+00   58 T  T
    355   4        7.6880086484E+07 1.2E+05    69 1.0E+00   24 T  T
    356   4        7.6880822159E+07 9.4E+04    66 1.0E+00    6 F  T
    357   4        7.6881949404E+07 1.0E+03    63 1.0E+00   16 T  T
    358   4        7.6882492471E+07 7.7E+03    59 1.0E+00   19 T  T
    359   4        7.6882547828E+07 8.9E+04    57 1.0E+00   32 T  T
    360   4        7.6883284414E+07 5.6E+04    56 1.0E+00   25 T  T
    361   4        7.6885733869E+07 9.8E+02    55 1.0E+00   45 T  T
    362   4        7.6887163167E+07 2.6E+03    40 1.0E+00   64 T  T
 
   Iter Phase Ninf     Objective     RGmax    NSB   Step InItr MX OK
    363   4        7.6887193679E+07 2.5E+02    32 2.1E+00   65 F  T
    364   4        7.6887202423E+07 2.7E+02    32 1.0E+00   10 T  T
    365   4        7.6887202426E+07 2.3E+00    31 1.0E+00    8 F  T
    366   3        7.6887202426E+07 7.9E+00    28 0.0E+00      T  T
    367   3        7.6887202426E+07 7.9E+00    27 3.6E-08      F  F
    368   3        7.6887202426E+07 7.7E-01    27 8.7E-08      F  T
    369   4        7.6887202426E+07 8.5E-02    27 1.5E-01      F  T
    370   4        7.6887202426E+07 8.0E-02    31 1.0E+00    8 F  T
    371   4        7.6887202427E+07 5.4E-03    57 1.0E+00   17 F  T
    372   4        7.6887236304E+07 1.3E+01    57 1.0E+00    2 F  T
 
   Iter Phase Ninf     Objective     RGmax    NSB   Step InItr MX OK
    373   3        7.6887236304E+07 1.0E+02    53 1.5E-23      F  F
    374   3        7.6887236496E+07 2.0E+03    53 6.4E-08      F  T
    375   4        7.6887236547E+07 3.8E+02    53 1.9E-01      F  T
    376   4        7.6887243164E+07 5.6E+02    57 1.0E+00    3 T  T
    377   4        7.6887264886E+07 2.3E+03    56 1.0E+00   17 F  T
    378   4        7.6887279305E+07 1.1E+03    56 1.0E+00    7 F  T
    379   4        7.6888526962E+07 1.7E+01    56 1.0E+00   18 T  T
    380   4        7.6894564275E+07 1.2E+03    49 1.0E+00   17 T  T
    381   4        7.6894763053E+07 4.2E+03    45 1.0E+00    7 T  T
    382   4        7.6897148852E+07 4.0E+03    44 1.0E+00   13 T  T
 
   Iter Phase Ninf     Objective     RGmax    NSB   Step InItr MX OK
    383   4        7.6901044865E+07 3.7E+03    42 1.0E+00   26 T  T
    384   4        7.6901173524E+07 8.3E+01    31 1.0E+00    5 T  T
    385   4        7.6901197976E+07 1.7E+01    31 1.0E+00    4 T  T
    386   3        7.6901197976E+07 1.6E+04    27 5.4E-12      F  T
    387   3        7.6901197994E+07 1.4E+03    27 1.8E-08      F  T
    388   4        7.6901198117E+07 6.1E+01    27 6.5E+01      F  T
    389   4        7.6901233896E+07 5.7E+02    31 1.0E+00    2 T  T
    390   4        7.6901283147E+07 7.8E+03    30 1.0E+00    6 F  T
    391   4        7.6901283823E+07 2.9E+01    30 1.0E+00   11 F  T
    392   4        7.6901283823E+07 2.2E-01    30 1.0E+00    2 F  T
 
   Iter Phase Ninf     Objective     RGmax    NSB   Step InItr MX OK
    393   4        7.6901867881E+07 3.4E+03    58 1.0E+00    6 T  T
    394   4        7.6902218236E+07 2.2E+04    56 1.0E+00    3 F  T
    395   4        7.6902263899E+07 3.7E+02    58 1.0E+00    6 F  T
    396   4        7.6902573262E+07 9.1E+01    62 1.0E+00   16 T  T
    397   4        7.6903224444E+07 9.0E+01    58 1.0E+00   18 T  T
    398   4        7.6908504107E+07 3.0E+02    51 1.0E+00   27 T  T
    399   4        7.6909709352E+07 2.2E+02    41 1.0E+00   39 T  T
    400   4        7.6910444792E+07 2.6E+03    39 1.0E+00   15 T  T
    401   4        7.6910772648E+07 5.5E+01    36 1.0E+00   23 T  T
    402   4        7.6910791973E+07 1.0E+01    31 1.0E+00   49 T  T
 
   Iter Phase Ninf     Objective     RGmax    NSB   Step InItr MX OK
    403   4        7.6910792410E+07 4.1E+00    30 1.0E+00    5 T  T
    404   4        7.6910796887E+07 6.2E-02    30 1.0E+00    5 F  T
    405   4        7.6910796887E+07 3.8E-04    30 1.0E+00    4 F  T
    406   4        7.6910797424E+07 8.8E-04    40 1.0E+00    4 F  T
    407   4        7.6910979381E+07 4.1E+00    40 1.0E+00    7 T  T
    408   4        7.6910979869E+07 2.3E+00    38 1.0E+00    1 F  T
    409   3        7.6910979925E+07 2.1E+01    34 1.8E-04      F  T
    410   3        7.6910979938E+07 2.8E+02    34 2.6E-07      F  T
    411   4        7.6910979950E+07 4.1E+02    34 1.2E-01      F  T
    412   4        7.6910980541E+07 3.3E+01    38 1.0E+00   14 F  T
 
   Iter Phase Ninf     Objective     RGmax    NSB   Step InItr MX OK
    413   4        7.6910993917E+07 4.8E+02    38 1.0E+00    5 T  T
    414   4        7.6911031612E+07 9.5E+01    37 1.0E+00   11 T  T
    415   4        7.6911205990E+07 3.1E+01    35 1.0E+00   15 T  T
    416   4        7.6911229434E+07 9.8E+03    40 1.0E+00    5 T  T
    417   4        7.6911230654E+07 8.8E+01    39 1.0E+00    4 T  T
    418   4        7.6911261550E+07 2.8E+01    39 1.0E+00    3 T  T
    419   4        7.6911277352E+07 2.6E-04    42 1.0E+00   14 T  T
    420   4        7.6911277399E+07 3.1E+02    32 1.0E+00    1 F  T
    421   4        7.6911305954E+07 8.4E-05    34 1.0E+00   25 T  T
    422   4        7.6911305954E+07 4.1E+01    31 1.0E+00    1 F  T
 
   Iter Phase Ninf     Objective     RGmax    NSB   Step InItr MX OK
    423   3        7.6911305954E+07 1.4E+00    27 3.1E-07      F  F
    424   3        7.6911305965E+07 2.9E+01    27 1.1E-05      F  T
    425   4        7.6911306001E+07 2.4E+02    27 1.1E-01      F  T
    426   4        7.6911312228E+07 1.1E+03    31 1.0E+00    2 F  T
    427   4        7.6911313079E+07 1.6E+03    31 1.0E+00    9 F  T
    428   4        7.6911319994E+07 1.8E+01    32 1.0E+00   13 F  T
    429   4        7.6911628510E+07 3.3E+02    31 1.0E+00    7 T  T
    430   4        7.6911677602E+07 2.9E-05    32 1.0E+00   22 T  T
    431   4        7.6911683309E+07 4.8E-03    31 1.0E+00   11 T  T
    432   4        7.6911683346E+07 9.3E-07    31 1.0E+00   12 T  T
 
   Iter Phase Ninf     Objective     RGmax    NSB   Step InItr MX OK
    433   4        7.6911683346E+07 3.3E-08    31
 
 ** Optimal solution. Reduced gradient less than tolerance.
 
--- Restarting execution
--- Malawi Ag Sector Model_BaselineV2.gms(2509) 0 Mb
--- Reading solution for model MAGS
--- Malawi Ag Sector Model_BaselineV2.gms(2509) 4 Mb
--- Executing after solve: elapsed 0:00:06.776
--- Malawi Ag Sector Model_BaselineV2.gms(2796) 7 Mb

GDXXRW           24.1.2 r40979 Released Jun 16, 2013 VS8 x86/MS Windows       
Input file : D:\OneDrive\Food Security\Data\resultsBaseline.gdx
Output file: D:\OneDrive\Food Security\Data\resultsBaseline.xlsx
**** Unable to save XLS file: Cannot access 'resultsBaseline.xlsx'

Any changes made to the spreadsheet were not saved
Total time = 12109 Ms
*** Status: Normal completion
--- Job Malawi Ag Sector Model_BaselineV2.gms Stop 07/25/23 15:17:30 elapsed 0:00:20.784
